[2026-06-06 13:03:41Z INFO HostContext] No proxy settings were found based on environmental variables (http_proxy/https_proxy/HTTP_PROXY/HTTPS_PROXY)
[2026-06-06 13:03:41Z INFO HostContext] Well known directory 'Bin': 'C:\Users\DELL\Desktop\StaySphere\actions-runner\bin'
[2026-06-06 13:03:41Z INFO HostContext] Well known directory 'Root': 'C:\Users\DELL\Desktop\StaySphere\actions-runner'
[2026-06-06 13:03:41Z INFO HostContext] Well known config file 'Credentials': 'C:\Users\DELL\Desktop\StaySphere\actions-runner\.credentials'
[2026-06-06 13:03:41Z INFO HostContext] Well known directory 'Bin': 'C:\Users\DELL\Desktop\StaySphere\actions-runner\bin'
[2026-06-06 13:03:41Z INFO HostContext] Well known directory 'Root': 'C:\Users\DELL\Desktop\StaySphere\actions-runner'
[2026-06-06 13:03:41Z INFO HostContext] Well known config file 'Runner': 'C:\Users\DELL\Desktop\StaySphere\actions-runner\.runner'
[2026-06-06 13:03:41Z INFO Listener] Runner is built for Windows (X64) - win-x64.
[2026-06-06 13:03:41Z INFO Listener] RuntimeInformation: Microsoft Windows 10.0.26200.
[2026-06-06 13:03:41Z INFO Listener] Version: 2.334.0
[2026-06-06 13:03:41Z INFO Listener] Commit: f1995ede5d885c997d13d8eca5467c4ce97fe69c
[2026-06-06 13:03:41Z INFO Listener] Culture: en-IN
[2026-06-06 13:03:41Z INFO Listener] UI Culture: en-US
[2026-06-06 13:03:41Z INFO HostContext] Well known directory 'Bin': 'C:\Users\DELL\Desktop\StaySphere\actions-runner\bin'
[2026-06-06 13:03:41Z INFO HostContext] Well known directory 'Root': 'C:\Users\DELL\Desktop\StaySphere\actions-runner'
[2026-06-06 13:03:41Z INFO Listener] Validating directory permissions for: 'C:\Users\DELL\Desktop\StaySphere\actions-runner'
[2026-06-06 13:03:41Z INFO CommandLineParser] Parse
[2026-06-06 13:03:41Z INFO CommandLineParser] Parsing 1 args
[2026-06-06 13:03:41Z INFO CommandLineParser] parsing argument
[2026-06-06 13:03:41Z INFO CommandLineParser] HasArgs: False
[2026-06-06 13:03:41Z INFO CommandLineParser] Adding Command: configure
[2026-06-06 13:03:41Z INFO Listener] Arguments parsed
[2026-06-06 13:03:41Z INFO Runner] ExecuteCommand
[2026-06-06 13:03:41Z INFO ConfigurationStore] currentAssemblyLocation: C:\Users\DELL\Desktop\StaySphere\actions-runner\bin\Runner.Listener.dll
[2026-06-06 13:03:41Z INFO HostContext] Well known directory 'Bin': 'C:\Users\DELL\Desktop\StaySphere\actions-runner\bin'
[2026-06-06 13:03:41Z INFO ConfigurationStore] binPath: C:\Users\DELL\Desktop\StaySphere\actions-runner\bin
[2026-06-06 13:03:41Z INFO HostContext] Well known directory 'Bin': 'C:\Users\DELL\Desktop\StaySphere\actions-runner\bin'
[2026-06-06 13:03:41Z INFO HostContext] Well known directory 'Root': 'C:\Users\DELL\Desktop\StaySphere\actions-runner'
[2026-06-06 13:03:41Z INFO ConfigurationStore] RootFolder: C:\Users\DELL\Desktop\StaySphere\actions-runner
[2026-06-06 13:03:41Z INFO HostContext] Well known directory 'Bin': 'C:\Users\DELL\Desktop\StaySphere\actions-runner\bin'
[2026-06-06 13:03:41Z INFO HostContext] Well known directory 'Root': 'C:\Users\DELL\Desktop\StaySphere\actions-runner'
[2026-06-06 13:03:41Z INFO HostContext] Well known config file 'Runner': 'C:\Users\DELL\Desktop\StaySphere\actions-runner\.runner'
[2026-06-06 13:03:41Z INFO ConfigurationStore] ConfigFilePath: C:\Users\DELL\Desktop\StaySphere\actions-runner\.runner
[2026-06-06 13:03:41Z INFO HostContext] Well known directory 'Bin': 'C:\Users\DELL\Desktop\StaySphere\actions-runner\bin'
[2026-06-06 13:03:41Z INFO HostContext] Well known directory 'Root': 'C:\Users\DELL\Desktop\StaySphere\actions-runner'
[2026-06-06 13:03:41Z INFO HostContext] Well known config file 'MigratedRunner': 'C:\Users\DELL\Desktop\StaySphere\actions-runner\.runner_migrated'
[2026-06-06 13:03:41Z INFO ConfigurationStore] MigratedConfigFilePath: C:\Users\DELL\Desktop\StaySphere\actions-runner\.runner_migrated
[2026-06-06 13:03:41Z INFO HostContext] Well known directory 'Bin': 'C:\Users\DELL\Desktop\StaySphere\actions-runner\bin'
[2026-06-06 13:03:41Z INFO HostContext] Well known directory 'Root': 'C:\Users\DELL\Desktop\StaySphere\actions-runner'
[2026-06-06 13:03:41Z INFO HostContext] Well known config file 'Credentials': 'C:\Users\DELL\Desktop\StaySphere\actions-runner\.credentials'
[2026-06-06 13:03:41Z INFO ConfigurationStore] CredFilePath: C:\Users\DELL\Desktop\StaySphere\actions-runner\.credentials
[2026-06-06 13:03:41Z INFO HostContext] Well known directory 'Bin': 'C:\Users\DELL\Desktop\StaySphere\actions-runner\bin'
[2026-06-06 13:03:41Z INFO HostContext] Well known directory 'Root': 'C:\Users\DELL\Desktop\StaySphere\actions-runner'
[2026-06-06 13:03:41Z INFO HostContext] Well known config file 'MigratedCredentials': 'C:\Users\DELL\Desktop\StaySphere\actions-runner\.credentials_migrated'
[2026-06-06 13:03:41Z INFO ConfigurationStore] MigratedCredFilePath: C:\Users\DELL\Desktop\StaySphere\actions-runner\.credentials_migrated
[2026-06-06 13:03:41Z INFO HostContext] Well known directory 'Bin': 'C:\Users\DELL\Desktop\StaySphere\actions-runner\bin'
[2026-06-06 13:03:41Z INFO HostContext] Well known directory 'Root': 'C:\Users\DELL\Desktop\StaySphere\actions-runner'
[2026-06-06 13:03:41Z INFO HostContext] Well known config file 'Service': 'C:\Users\DELL\Desktop\StaySphere\actions-runner\.service'
[2026-06-06 13:03:41Z INFO ConfigurationStore] ServiceConfigFilePath: C:\Users\DELL\Desktop\StaySphere\actions-runner\.service
[2026-06-06 13:03:41Z INFO CommandSettings] Flag 'help': 'False'
[2026-06-06 13:03:41Z INFO CommandSettings] Flag 'version': 'False'
[2026-06-06 13:03:41Z INFO CommandSettings] Flag 'commit': 'False'
[2026-06-06 13:03:41Z INFO CommandSettings] Flag 'check': 'False'
[2026-06-06 13:03:41Z INFO CommandSettings] Command 'configure': 'True'
[2026-06-06 13:03:41Z INFO Terminal] WRITE LINE: 
[2026-06-06 13:03:41Z INFO Terminal] WRITE LINE: --------------------------------------------------------------------------------
[2026-06-06 13:03:41Z INFO Terminal] WRITE LINE: |        ____ _ _   _   _       _          _        _   _                      |
[2026-06-06 13:03:41Z INFO Terminal] WRITE LINE: |       / ___(_) |_| | | |_   _| |__      / \   ___| |_(_) ___  _ __  ___      |
[2026-06-06 13:03:41Z INFO Terminal] WRITE LINE: |      | |  _| | __| |_| | | | | '_ \    / _ \ / __| __| |/ _ \| '_ \/ __|     |
[2026-06-06 13:03:41Z INFO Terminal] WRITE LINE: |      | |_| | | |_|  _  | |_| | |_) |  / ___ \ (__| |_| | (_) | | | \__ \     |
[2026-06-06 13:03:41Z INFO Terminal] WRITE LINE: |       \____|_|\__|_| |_|\__,_|_.__/  /_/   \_\___|\__|_|\___/|_| |_|___/     |
[2026-06-06 13:03:41Z INFO Terminal] WRITE LINE: |                                                                              |
[2026-06-06 13:03:41Z INFO Terminal] WRITE: |                       
[2026-06-06 13:03:41Z INFO Terminal] WRITE: Self-hosted runner registration
[2026-06-06 13:03:41Z INFO Terminal] WRITE LINE:                         |
[2026-06-06 13:03:41Z INFO Terminal] WRITE LINE: |                                                                              |
[2026-06-06 13:03:41Z INFO Terminal] WRITE LINE: --------------------------------------------------------------------------------
[2026-06-06 13:03:41Z INFO ConfigurationManager] ConfigureAsync
[2026-06-06 13:03:41Z INFO CommandSettings] Flag 'generateServiceConfig': 'False'
[2026-06-06 13:03:41Z INFO ConfigurationStore] IsConfigured()
[2026-06-06 13:03:41Z INFO ConfigurationStore] IsConfigured: False
[2026-06-06 13:03:41Z INFO ConfigurationManager] Is configured: False
[2026-06-06 13:03:41Z INFO CommandSettings] Arg 'url': ''
[2026-06-06 13:03:41Z INFO CommandSettings] Flag 'unattended': 'False'
[2026-06-06 13:03:41Z INFO PromptManager] ReadValue
[2026-06-06 13:03:41Z INFO Terminal] WRITE: What is the URL of your repository? 
[2026-06-06 13:03:41Z INFO Terminal] READ LINE
[2026-06-06 13:03:43Z INFO Terminal] Read value: ''
[2026-06-06 13:03:43Z INFO Terminal] WRITE: What is the URL of your repository? 
[2026-06-06 13:03:43Z INFO Terminal] READ LINE
[2026-06-06 13:03:45Z INFO Terminal] Read value: ''
[2026-06-06 13:03:45Z INFO Terminal] WRITE: What is the URL of your repository? 
[2026-06-06 13:03:45Z INFO Terminal] READ LINE
[2026-06-06 13:03:48Z INFO Terminal] Read value: 'https://github.com/Yadnesh2026/StaySphere'
[2026-06-06 13:03:48Z INFO CommandSettings] Arg 'token': ''
[2026-06-06 13:03:48Z INFO CommandSettings] Flag 'unattended': 'False'
[2026-06-06 13:03:48Z INFO PromptManager] ReadValue
[2026-06-06 13:03:48Z INFO Terminal] WRITE: What is your runner register token? 
[2026-06-06 13:03:48Z INFO Terminal] READ SECRET
[2026-06-06 13:04:02Z INFO Terminal] Read value: '***'
[2026-06-06 13:04:06Z INFO ConfigurationManager] Http response code: OK from 'POST https://api.github.com/actions/runner-registration' (E829:1188E1:9A8330:B46452:6A241AC4)
[2026-06-06 13:04:06Z INFO ConfigurationManager] Using runner-admin flow: False
[2026-06-06 13:04:06Z INFO ConfigurationManager] cred retrieved via GitHub auth
[2026-06-06 13:04:06Z INFO RunnerServer] EstablishVssConnection
[2026-06-06 13:04:06Z INFO RunnerServer] Establish connection with 100 seconds timeout.
[2026-06-06 13:04:06Z INFO GitHubActionsService] Starting operation Location.GetConnectionData
[2026-06-06 13:04:06Z INFO RunnerServer] EstablishVssConnection
[2026-06-06 13:04:06Z INFO RunnerServer] Establish connection with 60 seconds timeout.
[2026-06-06 13:04:06Z INFO GitHubActionsService] Starting operation Location.GetConnectionData
[2026-06-06 13:04:06Z INFO RunnerServer] EstablishVssConnection
[2026-06-06 13:04:06Z INFO RunnerServer] Establish connection with 60 seconds timeout.
[2026-06-06 13:04:06Z INFO GitHubActionsService] Starting operation Location.GetConnectionData
[2026-06-06 13:04:11Z INFO GitHubActionsService] Finished operation Location.GetConnectionData
[2026-06-06 13:04:12Z INFO GitHubActionsService] Finished operation Location.GetConnectionData
[2026-06-06 13:04:12Z INFO GitHubActionsService] Finished operation Location.GetConnectionData
[2026-06-06 13:04:12Z INFO Terminal] WRITE LINE: 
[2026-06-06 13:04:12Z INFO ConfigurationManager] Test Connection complete.
[2026-06-06 13:04:12Z INFO HostContext] Well known directory 'Bin': 'C:\Users\DELL\Desktop\StaySphere\actions-runner\bin'
[2026-06-06 13:04:12Z INFO HostContext] Well known directory 'Root': 'C:\Users\DELL\Desktop\StaySphere\actions-runner'
[2026-06-06 13:04:12Z INFO HostContext] Well known config file 'RSACredentials': 'C:\Users\DELL\Desktop\StaySphere\actions-runner\.credentials_rsaparams'
[2026-06-06 13:04:12Z INFO RSAEncryptedFileKeyManager] Creating new RSA key using 2048-bit key length
[2026-06-06 13:04:12Z INFO RSAEncryptedFileKeyManager] Successfully saved RSA key parameters to file C:\Users\DELL\Desktop\StaySphere\actions-runner\.credentials_rsaparams
[2026-06-06 13:04:13Z INFO CommandSettings] Arg 'runnergroup': ''
[2026-06-06 13:04:13Z INFO CommandSettings] Flag 'unattended': 'False'
[2026-06-06 13:04:13Z INFO PromptManager] ReadValue
[2026-06-06 13:04:13Z INFO Terminal] WRITE: Enter the name of the runner group to add this runner to: 
[2026-06-06 13:04:13Z INFO Terminal] WRITE: [press Enter for Default] 
[2026-06-06 13:04:13Z INFO Terminal] READ LINE
[2026-06-06 13:05:06Z INFO Terminal] Read value: ''
[2026-06-06 13:05:06Z INFO PromptManager] Falling back to the default: 'Default'
[2026-06-06 13:05:06Z INFO Terminal] WRITE LINE: 
[2026-06-06 13:05:06Z INFO ConfigurationManager] Found a self-hosted runner group with id 1 and name Default
[2026-06-06 13:05:06Z INFO CommandSettings] Flag 'disableupdate': 'False'
[2026-06-06 13:05:06Z INFO CommandSettings] Flag 'ephemeral': 'False'
[2026-06-06 13:05:06Z INFO CommandSettings] Arg 'name': ''
[2026-06-06 13:05:06Z INFO CommandSettings] Flag 'unattended': 'False'
[2026-06-06 13:05:06Z INFO PromptManager] ReadValue
[2026-06-06 13:05:06Z INFO Terminal] WRITE: Enter the name of runner: 
[2026-06-06 13:05:06Z INFO Terminal] WRITE: [press Enter for VEDANT] 
[2026-06-06 13:05:06Z INFO Terminal] READ LINE
[2026-06-06 13:05:36Z INFO Terminal] Read value: ''
[2026-06-06 13:05:36Z INFO PromptManager] Falling back to the default: 'VEDANT'
[2026-06-06 13:05:36Z INFO Terminal] WRITE LINE: 
[2026-06-06 13:05:36Z INFO CommandSettings] Arg 'labels': ''
[2026-06-06 13:05:36Z INFO CommandSettings] Flag 'unattended': 'False'
[2026-06-06 13:05:36Z INFO PromptManager] ReadValue
[2026-06-06 13:05:36Z INFO Terminal] WRITE: This runner will have the following labels: 'self-hosted', 'Windows', 'X64' 
Enter any additional labels (ex. label-1,label-2): 
[2026-06-06 13:05:36Z INFO Terminal] WRITE: [press Enter to skip] 
[2026-06-06 13:05:36Z INFO Terminal] READ LINE
[2026-06-06 13:05:42Z INFO Terminal] Read value: ''
[2026-06-06 13:05:42Z INFO Terminal] WRITE LINE: 
[2026-06-06 13:05:43Z INFO CommandSettings] Flag 'disableupdate': 'False'
[2026-06-06 13:05:43Z INFO CommandSettings] Flag 'no-default-labels': 'False'
[2026-06-06 13:05:44Z INFO CommandSettings] Flag 'disableupdate': 'False'
[2026-06-06 13:05:44Z INFO CommandSettings] Flag 'ephemeral': 'False'
[2026-06-06 13:05:44Z INFO ConfigurationStore] Saving OAuth credential @ C:\Users\DELL\Desktop\StaySphere\actions-runner\.credentials
[2026-06-06 13:05:44Z INFO ConfigurationStore] Credentials Saved.
[2026-06-06 13:05:44Z INFO ConfigurationManager] Service enforced serverUrlV2: https://broker.actions.githubusercontent.com/
[2026-06-06 13:05:44Z INFO ConfigurationManager] Service enforced useV2Flow: True
[2026-06-06 13:05:44Z INFO CommandSettings] Arg 'work': ''
[2026-06-06 13:05:44Z INFO CommandSettings] Flag 'unattended': 'False'
[2026-06-06 13:05:44Z INFO PromptManager] ReadValue
[2026-06-06 13:05:44Z INFO Terminal] WRITE: Enter name of work folder: 
[2026-06-06 13:05:44Z INFO Terminal] WRITE: [press Enter for _work] 
[2026-06-06 13:05:44Z INFO Terminal] READ LINE
[2026-06-06 13:06:01Z INFO Terminal] Read value: ''
[2026-06-06 13:06:01Z INFO PromptManager] Falling back to the default: '_work'
[2026-06-06 13:06:01Z INFO ConfigurationStore] Saving runner settings.
[2026-06-06 13:06:01Z INFO ConfigurationStore] Settings Saved.
[2026-06-06 13:06:01Z INFO Terminal] WRITE LINE: 
[2026-06-06 13:06:01Z INFO Terminal] WRITE LINE: 
[2026-06-06 13:06:01Z INFO CommandSettings] Flag 'runasservice': 'False'
[2026-06-06 13:06:01Z INFO CommandSettings] Flag 'unattended': 'False'
[2026-06-06 13:06:01Z INFO PromptManager] ReadValue
[2026-06-06 13:06:01Z INFO Terminal] WRITE: Would you like to run the runner as service? (Y/N) 
[2026-06-06 13:06:01Z INFO Terminal] WRITE: [press Enter for N] 
[2026-06-06 13:06:01Z INFO Terminal] READ LINE
[2026-06-06 13:06:03Z INFO Terminal] Read value: ''
[2026-06-06 13:06:03Z INFO PromptManager] Falling back to the default: 'N'
[2026-06-06 13:06:03Z INFO Listener] Runner execution has finished with return code 0
