[2026-06-06 13:02:28Z INFO HostContext] No proxy settings were found based on environmental variables (http_proxy/https_proxy/HTTP_PROXY/HTTPS_PROXY)
[2026-06-06 13:02:28Z INFO HostContext] Well known directory 'Bin': 'C:\Users\DELL\Desktop\StaySphere\actions-runner\bin'
[2026-06-06 13:02:28Z INFO HostContext] Well known directory 'Root': 'C:\Users\DELL\Desktop\StaySphere\actions-runner'
[2026-06-06 13:02:28Z INFO HostContext] Well known config file 'Credentials': 'C:\Users\DELL\Desktop\StaySphere\actions-runner\.credentials'
[2026-06-06 13:02:28Z INFO HostContext] Well known directory 'Bin': 'C:\Users\DELL\Desktop\StaySphere\actions-runner\bin'
[2026-06-06 13:02:28Z INFO HostContext] Well known directory 'Root': 'C:\Users\DELL\Desktop\StaySphere\actions-runner'
[2026-06-06 13:02:28Z INFO HostContext] Well known config file 'Runner': 'C:\Users\DELL\Desktop\StaySphere\actions-runner\.runner'
[2026-06-06 13:02:28Z INFO Listener] Runner is built for Windows (X64) - win-x64.
[2026-06-06 13:02:28Z INFO Listener] RuntimeInformation: Microsoft Windows 10.0.26200.
[2026-06-06 13:02:28Z INFO Listener] Version: 2.334.0
[2026-06-06 13:02:28Z INFO Listener] Commit: f1995ede5d885c997d13d8eca5467c4ce97fe69c
[2026-06-06 13:02:28Z INFO Listener] Culture: en-IN
[2026-06-06 13:02:28Z INFO Listener] UI Culture: en-US
[2026-06-06 13:02:28Z INFO HostContext] Well known directory 'Bin': 'C:\Users\DELL\Desktop\StaySphere\actions-runner\bin'
[2026-06-06 13:02:28Z INFO HostContext] Well known directory 'Root': 'C:\Users\DELL\Desktop\StaySphere\actions-runner'
[2026-06-06 13:02:28Z INFO Listener] Validating directory permissions for: 'C:\Users\DELL\Desktop\StaySphere\actions-runner'
[2026-06-06 13:02:28Z INFO CommandLineParser] Parse
[2026-06-06 13:02:28Z INFO CommandLineParser] Parsing 1 args
[2026-06-06 13:02:28Z INFO CommandLineParser] parsing argument
[2026-06-06 13:02:28Z INFO CommandLineParser] HasArgs: False
[2026-06-06 13:02:28Z INFO CommandLineParser] Adding Command: configure
[2026-06-06 13:02:28Z INFO Listener] Arguments parsed
[2026-06-06 13:02:28Z INFO Runner] ExecuteCommand
[2026-06-06 13:02:28Z INFO ConfigurationStore] currentAssemblyLocation: C:\Users\DELL\Desktop\StaySphere\actions-runner\bin\Runner.Listener.dll
[2026-06-06 13:02:28Z INFO HostContext] Well known directory 'Bin': 'C:\Users\DELL\Desktop\StaySphere\actions-runner\bin'
[2026-06-06 13:02:28Z INFO ConfigurationStore] binPath: C:\Users\DELL\Desktop\StaySphere\actions-runner\bin
[2026-06-06 13:02:28Z INFO HostContext] Well known directory 'Bin': 'C:\Users\DELL\Desktop\StaySphere\actions-runner\bin'
[2026-06-06 13:02:28Z INFO HostContext] Well known directory 'Root': 'C:\Users\DELL\Desktop\StaySphere\actions-runner'
[2026-06-06 13:02:28Z INFO ConfigurationStore] RootFolder: C:\Users\DELL\Desktop\StaySphere\actions-runner
[2026-06-06 13:02:28Z INFO HostContext] Well known directory 'Bin': 'C:\Users\DELL\Desktop\StaySphere\actions-runner\bin'
[2026-06-06 13:02:28Z INFO HostContext] Well known directory 'Root': 'C:\Users\DELL\Desktop\StaySphere\actions-runner'
[2026-06-06 13:02:28Z INFO HostContext] Well known config file 'Runner': 'C:\Users\DELL\Desktop\StaySphere\actions-runner\.runner'
[2026-06-06 13:02:28Z INFO ConfigurationStore] ConfigFilePath: C:\Users\DELL\Desktop\StaySphere\actions-runner\.runner
[2026-06-06 13:02:28Z INFO HostContext] Well known directory 'Bin': 'C:\Users\DELL\Desktop\StaySphere\actions-runner\bin'
[2026-06-06 13:02:28Z INFO HostContext] Well known directory 'Root': 'C:\Users\DELL\Desktop\StaySphere\actions-runner'
[2026-06-06 13:02:28Z INFO HostContext] Well known config file 'MigratedRunner': 'C:\Users\DELL\Desktop\StaySphere\actions-runner\.runner_migrated'
[2026-06-06 13:02:28Z INFO ConfigurationStore] MigratedConfigFilePath: C:\Users\DELL\Desktop\StaySphere\actions-runner\.runner_migrated
[2026-06-06 13:02:28Z INFO HostContext] Well known directory 'Bin': 'C:\Users\DELL\Desktop\StaySphere\actions-runner\bin'
[2026-06-06 13:02:28Z INFO HostContext] Well known directory 'Root': 'C:\Users\DELL\Desktop\StaySphere\actions-runner'
[2026-06-06 13:02:28Z INFO HostContext] Well known config file 'Credentials': 'C:\Users\DELL\Desktop\StaySphere\actions-runner\.credentials'
[2026-06-06 13:02:28Z INFO ConfigurationStore] CredFilePath: C:\Users\DELL\Desktop\StaySphere\actions-runner\.credentials
[2026-06-06 13:02:28Z INFO HostContext] Well known directory 'Bin': 'C:\Users\DELL\Desktop\StaySphere\actions-runner\bin'
[2026-06-06 13:02:28Z INFO HostContext] Well known directory 'Root': 'C:\Users\DELL\Desktop\StaySphere\actions-runner'
[2026-06-06 13:02:28Z INFO HostContext] Well known config file 'MigratedCredentials': 'C:\Users\DELL\Desktop\StaySphere\actions-runner\.credentials_migrated'
[2026-06-06 13:02:28Z INFO ConfigurationStore] MigratedCredFilePath: C:\Users\DELL\Desktop\StaySphere\actions-runner\.credentials_migrated
[2026-06-06 13:02:28Z INFO HostContext] Well known directory 'Bin': 'C:\Users\DELL\Desktop\StaySphere\actions-runner\bin'
[2026-06-06 13:02:28Z INFO HostContext] Well known directory 'Root': 'C:\Users\DELL\Desktop\StaySphere\actions-runner'
[2026-06-06 13:02:28Z INFO HostContext] Well known config file 'Service': 'C:\Users\DELL\Desktop\StaySphere\actions-runner\.service'
[2026-06-06 13:02:28Z INFO ConfigurationStore] ServiceConfigFilePath: C:\Users\DELL\Desktop\StaySphere\actions-runner\.service
[2026-06-06 13:02:28Z INFO CommandSettings] Flag 'help': 'False'
[2026-06-06 13:02:28Z INFO CommandSettings] Flag 'version': 'False'
[2026-06-06 13:02:28Z INFO CommandSettings] Flag 'commit': 'False'
[2026-06-06 13:02:28Z INFO CommandSettings] Flag 'check': 'False'
[2026-06-06 13:02:28Z INFO CommandSettings] Command 'configure': 'True'
[2026-06-06 13:02:28Z INFO Terminal] WRITE LINE: 
[2026-06-06 13:02:28Z INFO Terminal] WRITE LINE: --------------------------------------------------------------------------------
[2026-06-06 13:02:28Z INFO Terminal] WRITE LINE: |        ____ _ _   _   _       _          _        _   _                      |
[2026-06-06 13:02:28Z INFO Terminal] WRITE LINE: |       / ___(_) |_| | | |_   _| |__      / \   ___| |_(_) ___  _ __  ___      |
[2026-06-06 13:02:28Z INFO Terminal] WRITE LINE: |      | |  _| | __| |_| | | | | '_ \    / _ \ / __| __| |/ _ \| '_ \/ __|     |
[2026-06-06 13:02:28Z INFO Terminal] WRITE LINE: |      | |_| | | |_|  _  | |_| | |_) |  / ___ \ (__| |_| | (_) | | | \__ \     |
[2026-06-06 13:02:28Z INFO Terminal] WRITE LINE: |       \____|_|\__|_| |_|\__,_|_.__/  /_/   \_\___|\__|_|\___/|_| |_|___/     |
[2026-06-06 13:02:28Z INFO Terminal] WRITE LINE: |                                                                              |
[2026-06-06 13:02:28Z INFO Terminal] WRITE: |                       
[2026-06-06 13:02:28Z INFO Terminal] WRITE: Self-hosted runner registration
[2026-06-06 13:02:28Z INFO Terminal] WRITE LINE:                         |
[2026-06-06 13:02:28Z INFO Terminal] WRITE LINE: |                                                                              |
[2026-06-06 13:02:28Z INFO Terminal] WRITE LINE: --------------------------------------------------------------------------------
[2026-06-06 13:02:28Z INFO ConfigurationManager] ConfigureAsync
[2026-06-06 13:02:28Z INFO CommandSettings] Flag 'generateServiceConfig': 'False'
[2026-06-06 13:02:28Z INFO ConfigurationStore] IsConfigured()
[2026-06-06 13:02:28Z INFO ConfigurationStore] IsConfigured: False
[2026-06-06 13:02:28Z INFO ConfigurationManager] Is configured: False
[2026-06-06 13:02:28Z INFO CommandSettings] Arg 'url': ''
[2026-06-06 13:02:28Z INFO CommandSettings] Flag 'unattended': 'False'
[2026-06-06 13:02:28Z INFO PromptManager] ReadValue
[2026-06-06 13:02:28Z INFO Terminal] WRITE: What is the URL of your repository? 
[2026-06-06 13:02:28Z INFO Terminal] READ LINE
[2026-06-06 13:03:24Z INFO Terminal] Read value: 'https://github.com/Yadnesh2026/StaySphere'
[2026-06-06 13:03:24Z INFO CommandSettings] Arg 'token': ''
[2026-06-06 13:03:24Z INFO CommandSettings] Flag 'unattended': 'False'
[2026-06-06 13:03:24Z INFO PromptManager] ReadValue
[2026-06-06 13:03:24Z INFO Terminal] WRITE: What is your runner register token? 
[2026-06-06 13:03:24Z INFO Terminal] READ SECRET
[2026-06-06 13:03:30Z INFO Terminal] Read value: ''
[2026-06-06 13:03:30Z INFO Terminal] WRITE: What is your runner register token? 
[2026-06-06 13:03:30Z INFO Terminal] READ SECRET
[2026-06-06 13:03:35Z INFO Terminal] WRITE LINE: Exiting...
